// Jest Snapshot v1, https://goo.gl/fbAQLP

exports[`<NewMovie /> 1`] = `
<div>
  <h1
    data-testid="page-title"
  >
    Enter New Movie
  </h1>
  <div>
    <form
      data-testid="movie-form"
    >
      <label
        for="text"
      >
        Text
        <input
          id="text"
          type="text"
        />
      </label>
      <button
        type="submit"
      >
        Save
      </button>
    </form>
  </div>
</div>
`;
